# serializer version: 1
# name: test_report_intersection_partial
  dict({
    'data': dict({
      'attributes': dict({
        'billed': None,
        'comment': 'test',
        'not-billable': None,
        'rejected': False,
        'review': None,
        'verified': None,
      }),
      'id': '',
      'relationships': dict({
        'customer': dict({
          'data': None,
        }),
        'project': dict({
          'data': None,
        }),
        'task': dict({
          'data': None,
        }),
        'user': dict({
          'data': None,
        }),
      }),
      'type': 'report-intersections',
    }),
    'meta': dict({
      'count': 2,
    }),
  })
# ---
# name: test_report_notify_rendering
  '''
  
  Some of your reports have been changed.
  
  Reviewer: Test User
  
  
  Date: 01 January 2022
  Duration: 1:45 (h:mm)
  Task: Adams, Johnson and Harris > Synergistic web-enabled challenge > Ltd
  
  
  * Comment
    [old] original comment
    [new] some other comment
  
  ---
  
  Date: 01 February 2022
  Duration: 3:30 (h:mm)
  
  Comment: some other comment
  
  * Task
    [old] Adams, Johnson and Harris > Synergistic web-enabled challenge > Ltd
    [new] Adams, Johnson and Harris > Synergistic web-enabled challenge > Ltd
  
  ---
  
  Date: 01 March 2022
  Duration: 0:15 (h:mm)
  
  
  
  * Task
    [old] Adams, Johnson and Harris > Synergistic web-enabled challenge > Ltd
    [new] Adams, Johnson and Harris > Synergistic web-enabled challenge > Ltd
  
  * Comment
    [old] foo
    [new] some other comment
  
  ---
  
  Date: 01 March 2022
  Duration: 0:15 (h:mm)
  Task: Adams, Johnson and Harris > Synergistic web-enabled challenge > Ltd
  Comment: some other comment
  
  * Not_Billable
    [old] True
    [new] False
  
  ---
  
  '''
# ---
